[20/Aug/2026 19:53:00] "GET / HTTP/1.1" 200 6575
[20/Aug/2026 19:53:00] "GET /static/core/css/fm-app.css?v=20260812-division-formats HTTP/1.1" 200 118348
[20/Aug/2026 19:53:04] "GET /quizzes/clasa/5/ HTTP/1.1" 200 11201
[20/Aug/2026 19:53:07] "GET /quizzes/clasa/5/geometrie/ HTTP/1.1" 200 19332
[20/Aug/2026 19:53:10] "GET /quizzes/subiect/18/ HTTP/1.1" 200 8555
[20/Aug/2026 19:53:12] "GET /quizzes/subiect/18/antrenare/ HTTP/1.1" 200 77492
[20/Aug/2026 19:53:12] "GET /static/core/js/training.js?v=20260820-geometry-submit-fix HTTP/1.1" 200 271590
[20/Aug/2026 19:53:14] "POST /quizzes/subiect/18/antrenare/raspuns/ HTTP/1.1" 200 132
[20/Aug/2026 19:54:12] "GET /static/core/css/fm-app.css?v=20260812-division-formats HTTP/1.1" 304 0
[20/Aug/2026 19:54:47] "GET /quizzes/subiect/57/antrenare/ HTTP/1.1" 200 49321
[20/Aug/2026 19:54:48] "GET /static/core/css/fm-app.css?v=20260812-division-formats HTTP/1.1" 200 118409
[20/Aug/2026 19:54:48] "GET /static/core/js/training.js?v=20260820-geometry-submit-fix HTTP/1.1" 200 272032
[20/Aug/2026 19:54:51] "GET /quizzes/subiect/18/antrenare/ HTTP/1.1" 200 77455
[20/Aug/2026 19:54:52] "GET /static/core/js/training.js?v=20260820-geometry-submit-fix HTTP/1.1" 200 272032
[20/Aug/2026 19:55:06] "POST /quizzes/subiect/18/antrenare/raspuns/ HTTP/1.1" 200 115
[20/Aug/2026 19:55:14] "POST /quizzes/subiect/18/antrenare/raspuns/ HTTP/1.1" 200 106
[20/Aug/2026 19:55:15] "GET /quizzes/subiect/57/antrenare/6/ HTTP/1.1" 200 49451
[20/Aug/2026 19:55:15] "GET /static/core/css/fm-app.css?v=20260812-division-formats HTTP/1.1" 304 0
[20/Aug/2026 19:55:15] "GET /static/core/js/training.js?v=20260820-geometry-submit-fix HTTP/1.1" 200 281377
[20/Aug/2026 19:55:21] "POST /quizzes/subiect/18/antrenare/raspuns/ HTTP/1.1" 200 120
[20/Aug/2026 19:55:26] "POST /quizzes/subiect/18/antrenare/raspuns/ HTTP/1.1" 200 103
[20/Aug/2026 19:55:32] "POST /quizzes/subiect/18/antrenare/raspuns/ HTTP/1.1" 200 127
[20/Aug/2026 19:55:41] "POST /quizzes/subiect/18/antrenare/raspuns/ HTTP/1.1" 200 81
[20/Aug/2026 19:55:46] "GET /quizzes/subiect/57/antrenare/0/ HTTP/1.1" 200 49362
[20/Aug/2026 19:55:46] "GET /static/core/js/training.js?v=20260820-geometry-submit-fix HTTP/1.1" 304 0
[20/Aug/2026 19:55:46] "GET /static/core/css/fm-app.css?v=20260812-division-formats HTTP/1.1" 304 0
[20/Aug/2026 19:55:47] "POST /quizzes/subiect/18/antrenare/raspuns/ HTTP/1.1" 200 106
[20/Aug/2026 19:55:54] "POST /quizzes/subiect/18/antrenare/raspuns/ HTTP/1.1" 200 85
[20/Aug/2026 19:56:00] "POST /quizzes/subiect/18/antrenare/raspuns/ HTTP/1.1" 200 59
[20/Aug/2026 19:56:02] "POST /quizzes/subiect/18/antrenare/raspuns/ HTTP/1.1" 200 124
[20/Aug/2026 19:56:13] "POST /quizzes/subiect/18/antrenare/raspuns/ HTTP/1.1" 200 119
[20/Aug/2026 19:56:29] "POST /quizzes/subiect/18/antrenare/raspuns/ HTTP/1.1" 200 59
[20/Aug/2026 19:56:31] "POST /quizzes/subiect/18/antrenare/raspuns/ HTTP/1.1" 200 104
[20/Aug/2026 19:56:41] "POST /quizzes/subiect/18/antrenare/raspuns/ HTTP/1.1" 200 114
[20/Aug/2026 19:57:35] "POST /quizzes/subiect/18/antrenare/raspuns/ HTTP/1.1" 200 122
[20/Aug/2026 19:57:41] "POST /quizzes/subiect/18/antrenare/raspuns/ HTTP/1.1" 200 91
[20/Aug/2026 19:57:46] "POST /quizzes/subiect/18/antrenare/raspuns/ HTTP/1.1" 200 109
[20/Aug/2026 19:57:57] "POST /quizzes/subiect/18/antrenare/raspuns/ HTTP/1.1" 200 80
[20/Aug/2026 19:58:14] "POST /quizzes/subiect/18/antrenare/raspuns/ HTTP/1.1" 200 146
[20/Aug/2026 19:59:53] "POST /quizzes/subiect/18/antrenare/raspuns/ HTTP/1.1" 200 59
[20/Aug/2026 20:00:00] "POST /quizzes/subiect/18/antrenare/raspuns/ HTTP/1.1" 200 59
[20/Aug/2026 20:00:27] "POST /quizzes/subiect/18/antrenare/raspuns/ HTTP/1.1" 200 112
[20/Aug/2026 20:01:08] "POST /quizzes/subiect/18/antrenare/raspuns/ HTTP/1.1" 200 127
[20/Aug/2026 20:01:47] "POST /quizzes/subiect/18/antrenare/raspuns/ HTTP/1.1" 200 154
[20/Aug/2026 20:03:46] "POST /quizzes/subiect/18/antrenare/raspuns/ HTTP/1.1" 200 137
[20/Aug/2026 20:03:52] "POST /quizzes/subiect/18/antrenare/raspuns/ HTTP/1.1" 200 127
[20/Aug/2026 20:04:02] "POST /quizzes/subiect/18/antrenare/raspuns/ HTTP/1.1" 200 59
[20/Aug/2026 20:04:35] "POST /quizzes/subiect/18/antrenare/raspuns/ HTTP/1.1" 200 128
[20/Aug/2026 20:04:48] "POST /quizzes/subiect/18/antrenare/raspuns/ HTTP/1.1" 200 135
[20/Aug/2026 20:05:09] "POST /quizzes/subiect/18/antrenare/raspuns/ HTTP/1.1" 200 59
[20/Aug/2026 20:05:11] "POST /quizzes/subiect/18/antrenare/raspuns/ HTTP/1.1" 200 59
[20/Aug/2026 20:05:13] "POST /quizzes/subiect/18/antrenare/raspuns/ HTTP/1.1" 200 123
[20/Aug/2026 20:08:24] "GET /quizzes/subiect/18/antrenare/58/ HTTP/1.1" 200 77483
[20/Aug/2026 20:08:25] "GET /static/core/js/training.js?v=20260820-geometry-submit-fix HTTP/1.1" 200 285025
[20/Aug/2026 20:08:25] "GET /static/core/css/fm-app.css?v=20260812-division-formats HTTP/1.1" 200 120480
[20/Aug/2026 20:08:33] "GET /quizzes/clasa/5/ HTTP/1.1" 200 11224
[20/Aug/2026 20:08:37] "GET /quizzes/clasa/5/geometrie/ HTTP/1.1" 200 19363
[20/Aug/2026 20:08:39] "GET /quizzes/subiect/18/ HTTP/1.1" 200 8556
[20/Aug/2026 20:30:42] "GET /quizzes/clasa/5/geometrie/ HTTP/1.1" 200 19363
[20/Aug/2026 20:30:42] "GET /static/core/css/fm-app.css?v=20260812-division-formats HTTP/1.1" 200 123483
[20/Aug/2026 20:30:51] "GET /quizzes/subiect/18/ HTTP/1.1" 200 8556
[20/Aug/2026 20:30:54] "GET /quizzes/clasa/5/geometrie/ HTTP/1.1" 200 19363
[20/Aug/2026 20:31:03] "GET /quizzes/subiect/18/ HTTP/1.1" 200 8556
[20/Aug/2026 20:31:06] "GET /quizzes/subiect/18/antrenare/ HTTP/1.1" 200 78136
[20/Aug/2026 20:31:06] "GET /static/core/js/training.js?v=20260820-geometry-submit-fix HTTP/1.1" 200 296105
[20/Aug/2026 20:31:25] "POST /quizzes/subiect/18/antrenare/raspuns/ HTTP/1.1" 200 59
[20/Aug/2026 20:31:27] "POST /quizzes/subiect/18/antrenare/raspuns/ HTTP/1.1" 200 117
[20/Aug/2026 20:32:12] "POST /quizzes/subiect/18/antrenare/raspuns/ HTTP/1.1" 200 59
[20/Aug/2026 20:32:26] "POST /quizzes/subiect/18/antrenare/raspuns/ HTTP/1.1" 200 59
[20/Aug/2026 20:34:23] "POST /quizzes/subiect/18/antrenare/raspuns/ HTTP/1.1" 200 59
[20/Aug/2026 20:35:02] "POST /quizzes/subiect/18/antrenare/raspuns/ HTTP/1.1" 200 59
[20/Aug/2026 20:35:07] "POST /quizzes/subiect/18/antrenare/raspuns/ HTTP/1.1" 200 118
[20/Aug/2026 20:35:49] "POST /quizzes/subiect/18/antrenare/raspuns/ HTTP/1.1" 200 127
[20/Aug/2026 20:36:17] "POST /quizzes/subiect/18/antrenare/raspuns/ HTTP/1.1" 200 128
[20/Aug/2026 20:36:27] "POST /quizzes/subiect/18/antrenare/raspuns/ HTTP/1.1" 200 157
[20/Aug/2026 20:37:24] "POST /quizzes/subiect/18/antrenare/raspuns/ HTTP/1.1" 200 104
[20/Aug/2026 20:38:27] "POST /quizzes/subiect/18/antrenare/raspuns/ HTTP/1.1" 200 59
[20/Aug/2026 20:38:54] "POST /quizzes/subiect/18/antrenare/raspuns/ HTTP/1.1" 200 144
[20/Aug/2026 20:38:59] "POST /quizzes/subiect/18/antrenare/raspuns/ HTTP/1.1" 200 104
[20/Aug/2026 20:39:05] "POST /quizzes/subiect/18/antrenare/raspuns/ HTTP/1.1" 200 104
[20/Aug/2026 20:42:24] "POST /quizzes/subiect/18/antrenare/raspuns/ HTTP/1.1" 200 59
[20/Aug/2026 20:42:47] "POST /quizzes/subiect/18/antrenare/raspuns/ HTTP/1.1" 200 59
[20/Aug/2026 20:42:51] "POST /quizzes/subiect/18/antrenare/raspuns/ HTTP/1.1" 200 59
[20/Aug/2026 20:43:30] "POST /quizzes/subiect/18/antrenare/raspuns/ HTTP/1.1" 200 154
[20/Aug/2026 20:43:37] "GET /quizzes/subiect/186/antrenare/0/ HTTP/1.1" 200 54409
[20/Aug/2026 20:43:37] "GET /static/core/css/fm-app.css?v=20260812-division-formats HTTP/1.1" 200 126503
[20/Aug/2026 20:43:37] "GET /static/core/js/training.js?v=20260820-geometry-submit-fix HTTP/1.1" 200 303840
[20/Aug/2026 20:43:41] "POST /quizzes/subiect/18/antrenare/raspuns/ HTTP/1.1" 200 167
[20/Aug/2026 20:44:00] "POST /quizzes/subiect/18/antrenare/raspuns/ HTTP/1.1" 200 59
[20/Aug/2026 20:44:35] "POST /quizzes/subiect/18/antrenare/raspuns/ HTTP/1.1" 200 59
[20/Aug/2026 20:44:41] "GET /quizzes/subiect/186/antrenare/9/ HTTP/1.1" 200 54400
[20/Aug/2026 20:44:41] "GET /static/core/css/fm-app.css?v=20260812-division-formats HTTP/1.1" 304 0
[20/Aug/2026 20:44:41] "GET /static/core/js/training.js?v=20260820-geometry-submit-fix HTTP/1.1" 304 0
[20/Aug/2026 20:45:09] "GET /quizzes/subiect/186/antrenare/9/?v=2 HTTP/1.1" 200 54400
[20/Aug/2026 20:45:46] "GET /quizzes/subiect/186/antrenare/9/ HTTP/1.1" 302 0
[20/Aug/2026 20:45:46] "GET /accounts/login/?next=/quizzes/subiect/186/antrenare/9/ HTTP/1.1" 200 9031
[20/Aug/2026 20:45:57] "GET /quizzes/subiect/186/antrenare/9/ HTTP/1.1" 302 0
[20/Aug/2026 20:45:57] "GET /accounts/login/?next=/quizzes/subiect/186/antrenare/9/ HTTP/1.1" 200 9031
[20/Aug/2026 20:46:15] "GET /quizzes/subiect/186/antrenare/9/ HTTP/1.1" 200 54400
[20/Aug/2026 20:46:15] "GET /static/core/css/fm-app.css?v=20260812-division-formats HTTP/1.1" 304 0
[20/Aug/2026 20:46:15] "GET /static/core/js/training.js?v=20260820-geometry-submit-fix HTTP/1.1" 304 0
[20/Aug/2026 20:48:44] "GET /quizzes/subiect/186/antrenare/9/ HTTP/1.1" 200 54400
[20/Aug/2026 20:48:44] "GET /static/core/css/fm-app.css?v=20260812-division-formats HTTP/1.1" 200 127034
[20/Aug/2026 20:48:44] "GET /static/core/js/training.js?v=20260820-geometry-submit-fix HTTP/1.1" 200 310072
[20/Aug/2026 20:49:35] "GET /quizzes/subiect/186/antrenare/10/?fresh=2051 HTTP/1.1" 200 54396
[20/Aug/2026 20:49:35] "GET /static/core/css/fm-app.css?v=20260812-division-formats HTTP/1.1" 304 0
[20/Aug/2026 20:49:35] "GET /static/core/js/training.js?v=20260820-geometry-submit-fix HTTP/1.1" 304 0
[20/Aug/2026 22:03:10] "GET /quizzes/clasa/5/ HTTP/1.1" 200 11224
[20/Aug/2026 22:03:10] "GET /static/core/css/fm-app.css?v=20260812-division-formats HTTP/1.1" 200 128220
[20/Aug/2026 22:03:32] "GET /quizzes/clasa/5/geometrie/ HTTP/1.1" 200 19363
[20/Aug/2026 22:03:33] "GET /quizzes/subiect/18/ HTTP/1.1" 200 8556
[20/Aug/2026 22:03:35] "GET /quizzes/subiect/18/antrenare/ HTTP/1.1" 200 76368
[20/Aug/2026 22:03:35] "GET /static/core/js/training.js?v=20260820-geometry-submit-fix HTTP/1.1" 200 314944
[20/Aug/2026 22:03:41] "GET /quizzes/subiect/18/ HTTP/1.1" 200 8556
[20/Aug/2026 22:03:44] "POST /quizzes/subiect/18/antrenare/reset/ HTTP/1.1" 302 0
[20/Aug/2026 22:03:44] "GET /quizzes/subiect/18/ HTTP/1.1" 200 8855
[20/Aug/2026 22:03:46] "GET /quizzes/subiect/18/antrenare/ HTTP/1.1" 200 76616
[20/Aug/2026 22:03:56] "POST /quizzes/subiect/18/antrenare/raspuns/ HTTP/1.1" 200 132
[20/Aug/2026 22:04:22] "POST /quizzes/subiect/18/antrenare/raspuns/ HTTP/1.1" 200 115
[20/Aug/2026 22:04:38] "POST /quizzes/subiect/18/antrenare/raspuns/ HTTP/1.1" 200 106
[20/Aug/2026 22:04:44] "POST /quizzes/subiect/18/antrenare/raspuns/ HTTP/1.1" 200 120
[20/Aug/2026 22:04:53] "POST /quizzes/subiect/18/antrenare/raspuns/ HTTP/1.1" 200 103
[20/Aug/2026 22:05:00] "POST /quizzes/subiect/18/antrenare/raspuns/ HTTP/1.1" 200 127
[20/Aug/2026 22:05:23] "POST /quizzes/subiect/18/antrenare/raspuns/ HTTP/1.1" 200 59
[20/Aug/2026 22:05:46] "POST /quizzes/subiect/18/antrenare/raspuns/ HTTP/1.1" 200 59
[20/Aug/2026 22:05:51] "POST /quizzes/subiect/18/antrenare/raspuns/ HTTP/1.1" 200 59
[20/Aug/2026 22:06:56] "POST /quizzes/subiect/18/antrenare/raspuns/ HTTP/1.1" 200 59
[20/Aug/2026 22:07:25] "POST /quizzes/subiect/18/antrenare/raspuns/ HTTP/1.1" 200 59
[20/Aug/2026 22:07:38] "POST /quizzes/subiect/18/antrenare/raspuns/ HTTP/1.1" 200 59
[20/Aug/2026 22:07:52] "POST /quizzes/subiect/18/antrenare/raspuns/ HTTP/1.1" 200 219
[20/Aug/2026 22:08:23] "POST /quizzes/subiect/18/antrenare/raspuns/ HTTP/1.1" 200 59
[20/Aug/2026 22:08:29] "POST /quizzes/subiect/18/antrenare/raspuns/ HTTP/1.1" 200 59
[20/Aug/2026 22:08:49] "POST /quizzes/subiect/18/antrenare/raspuns/ HTTP/1.1" 200 115
[20/Aug/2026 22:09:02] "POST /quizzes/subiect/18/antrenare/raspuns/ HTTP/1.1" 200 115
[20/Aug/2026 22:09:13] "POST /quizzes/subiect/18/antrenare/raspuns/ HTTP/1.1" 200 128
[20/Aug/2026 22:09:22] "POST /quizzes/subiect/18/antrenare/raspuns/ HTTP/1.1" 200 128
[20/Aug/2026 22:09:29] "POST /quizzes/subiect/18/antrenare/raspuns/ HTTP/1.1" 200 104
[20/Aug/2026 22:09:33] "POST /quizzes/subiect/18/antrenare/raspuns/ HTTP/1.1" 200 104
[20/Aug/2026 22:09:41] "POST /quizzes/subiect/18/antrenare/raspuns/ HTTP/1.1" 200 120
[20/Aug/2026 22:12:01] "POST /quizzes/subiect/18/antrenare/raspuns/ HTTP/1.1" 200 137
[20/Aug/2026 22:12:18] "POST /quizzes/subiect/18/antrenare/raspuns/ HTTP/1.1" 200 128
[20/Aug/2026 22:12:32] "POST /quizzes/subiect/18/antrenare/raspuns/ HTTP/1.1" 200 128
[20/Aug/2026 22:12:43] "POST /quizzes/subiect/18/antrenare/raspuns/ HTTP/1.1" 200 123
[20/Aug/2026 22:12:47] "POST /quizzes/subiect/18/antrenare/raspuns/ HTTP/1.1" 200 59
[20/Aug/2026 22:12:52] "POST /quizzes/subiect/18/antrenare/raspuns/ HTTP/1.1" 200 123
[20/Aug/2026 22:13:04] "POST /quizzes/subiect/18/antrenare/raspuns/ HTTP/1.1" 200 101
[20/Aug/2026 22:13:12] "POST /quizzes/subiect/18/antrenare/raspuns/ HTTP/1.1" 200 101
[20/Aug/2026 22:13:21] "POST /quizzes/subiect/18/antrenare/raspuns/ HTTP/1.1" 200 129
[20/Aug/2026 22:27:35] "GET /quizzes/clasa/5/ HTTP/1.1" 200 11224
[20/Aug/2026 22:27:35] "GET /static/core/css/fm-app.css?v=20260812-division-formats HTTP/1.1" 200 128304
[20/Aug/2026 22:27:37] "GET /quizzes/clasa/5/geometrie/ HTTP/1.1" 200 19363
[20/Aug/2026 22:27:39] "GET /quizzes/subiect/59/ HTTP/1.1" 200 8713
[20/Aug/2026 22:27:41] "GET /quizzes/subiect/59/antrenare/ HTTP/1.1" 200 86060
[20/Aug/2026 22:27:41] "GET /static/core/js/training.js?v=20260820-geometry-submit-fix HTTP/1.1" 200 315838
[20/Aug/2026 22:27:46] "POST /quizzes/subiect/59/antrenare/raspuns/ HTTP/1.1" 200 59
[20/Aug/2026 22:27:49] "GET /quizzes/subiect/59/ HTTP/1.1" 200 8710
[20/Aug/2026 22:41:24] "POST /quizzes/subiect/59/antrenare/reset/ HTTP/1.1" 302 0
[20/Aug/2026 22:41:25] "GET /quizzes/subiect/59/ HTTP/1.1" 200 9013
[20/Aug/2026 22:41:25] "GET /static/core/css/fm-app.css?v=20260812-division-formats HTTP/1.1" 304 0
[20/Aug/2026 22:41:26] "GET /quizzes/subiect/59/antrenare/ HTTP/1.1" 200 84782
[20/Aug/2026 22:41:27] "GET /static/core/js/training.js?v=20260820-geometry-submit-fix HTTP/1.1" 200 320916
[20/Aug/2026 22:41:31] "POST /quizzes/subiect/59/antrenare/raspuns/ HTTP/1.1" 200 127
[20/Aug/2026 22:41:41] "POST /quizzes/subiect/59/antrenare/raspuns/ HTTP/1.1" 200 109
[20/Aug/2026 22:41:47] "POST /quizzes/subiect/59/antrenare/raspuns/ HTTP/1.1" 200 156
[20/Aug/2026 22:41:55] "POST /quizzes/subiect/59/antrenare/raspuns/ HTTP/1.1" 200 150
